../Core/Src/main.c:75:9:Determine_PhaseTimerValue	24	static
../Core/Src/main.c:80:10:Determine_PWMLevel	24	static
../Core/Src/main.c:129:5:main	80	static
../Core/Src/main.c:245:6:SystemClock_Config	88	static
../Core/Src/main.c:289:13:MX_ADC1_Init	24	static
../Core/Src/main.c:336:13:MX_TIM1_Init	32	static
../Core/Src/main.c:382:13:MX_TIM3_Init	32	static
../Core/Src/main.c:427:13:MX_TIM4_Init	64	static
../Core/Src/main.c:490:13:MX_USART1_UART_Init	8	static
../Core/Src/main.c:523:13:MX_GPIO_Init	32	static
../Core/Src/main.c:565:6:HAL_GPIO_EXTI_Callback	16	static
../Core/Src/main.c:578:6:App_1MS_Handler	4	static
../Core/Src/main.c:591:6:HAL_TIM_PeriodElapsedCallback	16	static
../Core/Src/main.c:605:6:HAL_TIM_PWM_PulseFinishedCallback	16	static
../Core/Src/main.c:610:6:deneme	8	static
../Core/Src/main.c:631:6:Error_Handler	4	static,ignoring_inline_asm
